=== SURFACE: modal start 2026-09-24T01:02:24+02:00 ===
--- 2026-09-24T01:02:24+02:00 CHORD alt+Left xev_alt_keypresses=0 xev_keys_with_alt: 
    cdp: [{"t":1790204544836,"type":"keydown","key":"Alt","code":"AltLeft","alt":true,"ctrl":false,"shift":false,"meta":false,"defPrev":false,"defPrevBubble":false},{"t":1790204544860,"type":"keydown","key":"ArrowLeft","code":"ArrowLeft","alt":true,"ctrl":false,"shift":false,"meta":false,"defPrev":false,"defPrevBubble":false},{"t":1790204544861,"type":"keyup","key":"Alt","code":"AltLeft","alt":false,"ctrl":false,"shift":false,"meta":false,"defPrev":false},{"t":1790204544862,"type":"keyup","key":"ArrowLeft","code":"ArrowLeft","alt":false,"ctrl":false,"shift":false,"meta":false,"defPrev":false}]
--- 2026-09-24T01:02:25+02:00 CHORD alt+Right xev_alt_keypresses=0 xev_keys_with_alt: 
    cdp: [{"t":1790204545272,"type":"keydown","key":"Alt","code":"AltLeft","alt":true,"ctrl":false,"shift":false,"meta":false,"defPrev":false,"defPrevBubble":false},{"t":1790204545313,"type":"keydown","key":"ArrowRight","code":"ArrowRight","alt":true,"ctrl":false,"shift":false,"meta":false,"defPrev":false,"defPrevBubble":false},{"t":1790204545313,"type":"keyup","key":"Alt","code":"AltLeft","alt":false,"ctrl":false,"shift":false,"meta":false,"defPrev":false},{"t":1790204545313,"type":"keyup","key":"ArrowRight","code":"ArrowRight","alt":false,"ctrl":false,"shift":false,"meta":false,"defPrev":false}]
--- 2026-09-24T01:02:25+02:00 CHORD alt+Up xev_alt_keypresses=0 xev_keys_with_alt: 
    cdp: [{"t":1790204545760,"type":"keydown","key":"Alt","code":"AltLeft","alt":true,"ctrl":false,"shift":false,"meta":false,"defPrev":false,"defPrevBubble":false},{"t":1790204545776,"type":"keydown","key":"ArrowUp","code":"ArrowUp","alt":true,"ctrl":false,"shift":false,"meta":false,"defPrev":false,"defPrevBubble":false},{"t":1790204545779,"type":"keyup","key":"Alt","code":"AltLeft","alt":false,"ctrl":false,"shift":false,"meta":false,"defPrev":false},{"t":1790204545782,"type":"keyup","key":"ArrowUp","code":"ArrowUp","alt":false,"ctrl":false,"shift":false,"meta":false,"defPrev":false}]
--- 2026-09-24T01:02:26+02:00 CHORD alt+Down xev_alt_keypresses=0 xev_keys_with_alt: 
    cdp: [{"t":1790204546436,"type":"keydown","key":"Alt","code":"AltLeft","alt":true,"ctrl":false,"shift":false,"meta":false,"defPrev":false,"defPrevBubble":false},{"t":1790204546447,"type":"keydown","key":"ArrowDown","code":"ArrowDown","alt":true,"ctrl":false,"shift":false,"meta":false,"defPrev":false,"defPrevBubble":false},{"t":1790204546452,"type":"keyup","key":"Alt","code":"AltLeft","alt":false,"ctrl":false,"shift":false,"meta":false,"defPrev":false},{"t":1790204546459,"type":"keyup","key":"ArrowDown","code":"ArrowDown","alt":false,"ctrl":false,"shift":false,"meta":false,"defPrev":false}]
--- 2026-09-24T01:02:27+02:00 CHORD alt+h xev_alt_keypresses=0 xev_keys_with_alt: 
    cdp: [{"t":1790204547167,"type":"keydown","key":"Alt","code":"AltLeft","alt":true,"ctrl":false,"shift":false,"meta":false,"defPrev":false,"defPrevBubble":false},{"t":1790204547238,"type":"keydown","key":"h","code":"KeyH","alt":true,"ctrl":false,"shift":false,"meta":false,"defPrev":false,"defPrevBubble":false},{"t":1790204547497,"type":"keyup","key":"Alt","code":"AltLeft","alt":false,"ctrl":false,"shift":false,"meta":false,"defPrev":false},{"t":1790204547497,"type":"keyup","key":"h","code":"KeyH","alt":false,"ctrl":false,"shift":false,"meta":false,"defPrev":false}]
--- 2026-09-24T01:02:27+02:00 CHORD alt+j xev_alt_keypresses=0 xev_keys_with_alt: 
    cdp: [{"t":1790204547612,"type":"keydown","key":"Alt","code":"AltLeft","alt":true,"ctrl":false,"shift":false,"meta":false,"defPrev":false,"defPrevBubble":false},{"t":1790204547620,"type":"keydown","key":"j","code":"KeyJ","alt":true,"ctrl":false,"shift":false,"meta":false,"defPrev":false,"defPrevBubble":false},{"t":1790204547624,"type":"keyup","key":"Alt","code":"AltLeft","alt":false,"ctrl":false,"shift":false,"meta":false,"defPrev":false},{"t":1790204547631,"type":"keyup","key":"j","code":"KeyJ","alt":false,"ctrl":false,"shift":false,"meta":false,"defPrev":false}]
--- 2026-09-24T01:02:28+02:00 CHORD alt+k xev_alt_keypresses=0 xev_keys_with_alt: 
    cdp: [{"t":1790204548087,"type":"keydown","key":"Alt","code":"AltLeft","alt":true,"ctrl":false,"shift":false,"meta":false,"defPrev":false,"defPrevBubble":false},{"t":1790204548101,"type":"keydown","key":"k","code":"KeyK","alt":true,"ctrl":false,"shift":false,"meta":false,"defPrev":false,"defPrevBubble":false},{"t":1790204548103,"type":"keyup","key":"Alt","code":"AltLeft","alt":false,"ctrl":false,"shift":false,"meta":false,"defPrev":false},{"t":1790204548105,"type":"keyup","key":"k","code":"KeyK","alt":false,"ctrl":false,"shift":false,"meta":false,"defPrev":false}]
--- 2026-09-24T01:02:28+02:00 CHORD alt+l xev_alt_keypresses=0 xev_keys_with_alt: 
    cdp: [{"t":1790204548567,"type":"keydown","key":"Alt","code":"AltLeft","alt":true,"ctrl":false,"shift":false,"meta":false,"defPrev":false,"defPrevBubble":false},{"t":1790204548574,"type":"keydown","key":"l","code":"KeyL","alt":true,"ctrl":false,"shift":false,"meta":false,"defPrev":false,"defPrevBubble":false},{"t":1790204548580,"type":"keyup","key":"Alt","code":"AltLeft","alt":false,"ctrl":false,"shift":false,"meta":false,"defPrev":false},{"t":1790204548586,"type":"keyup","key":"l","code":"KeyL","alt":false,"ctrl":false,"shift":false,"meta":false,"defPrev":false}]
--- 2026-09-24T01:02:29+02:00 CHORD alt+n xev_alt_keypresses=0 xev_keys_with_alt: 
    cdp: [{"t":1790204549056,"type":"keydown","key":"Alt","code":"AltLeft","alt":true,"ctrl":false,"shift":false,"meta":false,"defPrev":false,"defPrevBubble":false},{"t":1790204549064,"type":"keydown","key":"n","code":"KeyN","alt":true,"ctrl":false,"shift":false,"meta":false,"defPrev":false,"defPrevBubble":false},{"t":1790204549069,"type":"keyup","key":"Alt","code":"AltLeft","alt":false,"ctrl":false,"shift":false,"meta":false,"defPrev":false},{"t":1790204549075,"type":"keyup","key":"n","code":"KeyN","alt":false,"ctrl":false,"shift":false,"meta":false,"defPrev":false}]
--- 2026-09-24T01:02:29+02:00 CHORD alt+f xev_alt_keypresses=0 xev_keys_with_alt: 
    cdp: [{"t":1790204549542,"type":"keydown","key":"Alt","code":"AltLeft","alt":true,"ctrl":false,"shift":false,"meta":false,"defPrev":false,"defPrevBubble":false},{"t":1790204549554,"type":"keydown","key":"f","code":"KeyF","alt":true,"ctrl":false,"shift":false,"meta":false,"defPrev":false,"defPrevBubble":false},{"t":1790204549558,"type":"keyup","key":"Alt","code":"AltLeft","alt":false,"ctrl":false,"shift":false,"meta":false,"defPrev":false},{"t":1790204549569,"type":"keyup","key":"f","code":"KeyF","alt":false,"ctrl":false,"shift":false,"meta":false,"defPrev":false}]
--- 2026-09-24T01:02:30+02:00 CHORD alt+i xev_alt_keypresses=0 xev_keys_with_alt: 
    cdp: [{"t":1790204550031,"type":"keydown","key":"Alt","code":"AltLeft","alt":true,"ctrl":false,"shift":false,"meta":false,"defPrev":false,"defPrevBubble":false},{"t":1790204550095,"type":"keydown","key":"i","code":"KeyI","alt":true,"ctrl":false,"shift":false,"meta":false,"defPrev":false,"defPrevBubble":false},{"t":1790204550095,"type":"keyup","key":"Alt","code":"AltLeft","alt":false,"ctrl":false,"shift":false,"meta":false,"defPrev":false},{"t":1790204550095,"type":"keyup","key":"i","code":"KeyI","alt":false,"ctrl":false,"shift":false,"meta":false,"defPrev":false}]
--- 2026-09-24T01:02:30+02:00 CHORD alt+o xev_alt_keypresses=0 xev_keys_with_alt: 
    cdp: [{"t":1790204550540,"type":"keydown","key":"Alt","code":"AltLeft","alt":true,"ctrl":false,"shift":false,"meta":false,"defPrev":false,"defPrevBubble":false},{"t":1790204550551,"type":"keydown","key":"o","code":"KeyO","alt":true,"ctrl":false,"shift":false,"meta":false,"defPrev":false,"defPrevBubble":false},{"t":1790204550557,"type":"keyup","key":"Alt","code":"AltLeft","alt":false,"ctrl":false,"shift":false,"meta":false,"defPrev":false},{"t":1790204550567,"type":"keyup","key":"o","code":"KeyO","alt":false,"ctrl":false,"shift":false,"meta":false,"defPrev":false}]
--- 2026-09-24T01:02:31+02:00 CHORD alt+p xev_alt_keypresses=0 xev_keys_with_alt: 
    cdp: [{"t":1790204551025,"type":"keydown","key":"Alt","code":"AltLeft","alt":true,"ctrl":false,"shift":false,"meta":false,"defPrev":false,"defPrevBubble":false},{"t":1790204551033,"type":"keydown","key":"p","code":"KeyP","alt":true,"ctrl":false,"shift":false,"meta":false,"defPrev":false,"defPrevBubble":false},{"t":1790204551038,"type":"keyup","key":"Alt","code":"AltLeft","alt":false,"ctrl":false,"shift":false,"meta":false,"defPrev":false},{"t":1790204551044,"type":"keyup","key":"p","code":"KeyP","alt":false,"ctrl":false,"shift":false,"meta":false,"defPrev":false}]
--- 2026-09-24T01:02:31+02:00 CHORD alt+bracketleft xev_alt_keypresses=0 xev_keys_with_alt: 
    cdp: [{"t":1790204551490,"type":"keydown","key":"Alt","code":"AltLeft","alt":true,"ctrl":false,"shift":false,"meta":false,"defPrev":false,"defPrevBubble":false},{"t":1790204551500,"type":"keydown","key":"[","code":"BracketLeft","alt":true,"ctrl":false,"shift":false,"meta":false,"defPrev":false,"defPrevBubble":false},{"t":1790204551505,"type":"keyup","key":"Alt","code":"AltLeft","alt":false,"ctrl":false,"shift":false,"meta":false,"defPrev":false},{"t":1790204551511,"type":"keyup","key":"[","code":"BracketLeft","alt":false,"ctrl":false,"shift":false,"meta":false,"defPrev":false}]
--- 2026-09-24T01:02:31+02:00 CHORD alt+bracketright xev_alt_keypresses=0 xev_keys_with_alt: 
    cdp: [{"t":1790204551959,"type":"keydown","key":"Alt","code":"AltLeft","alt":true,"ctrl":false,"shift":false,"meta":false,"defPrev":false,"defPrevBubble":false},{"t":1790204551968,"type":"keydown","key":"]","code":"BracketRight","alt":true,"ctrl":false,"shift":false,"meta":false,"defPrev":false,"defPrevBubble":false},{"t":1790204551972,"type":"keyup","key":"Alt","code":"AltLeft","alt":false,"ctrl":false,"shift":false,"meta":false,"defPrev":false},{"t":1790204551982,"type":"keyup","key":"]","code":"BracketRight","alt":false,"ctrl":false,"shift":false,"meta":false,"defPrev":false}]
--- 2026-09-24T01:02:32+02:00 CHORD alt+plus xev_alt_keypresses=0 xev_keys_with_alt: 
    cdp: [{"t":1790204552434,"type":"keydown","key":"Alt","code":"AltLeft","alt":true,"ctrl":false,"shift":false,"meta":false,"defPrev":false,"defPrevBubble":false},{"t":1790204552475,"type":"keyup","key":"Alt","code":"AltLeft","alt":false,"ctrl":false,"shift":false,"meta":false,"defPrev":false},{"t":1790204552475,"type":"keyup","key":"=","code":"Equal","alt":false,"ctrl":false,"shift":false,"meta":false,"defPrev":false}]
--- 2026-09-24T01:02:33+02:00 CHORD alt+minus xev_alt_keypresses=0 xev_keys_with_alt: 
    cdp: []
=== SURFACE: modal end 2026-09-24T01:02:33+02:00 ===
